/Users/nidhisukhija/Library/Python/3.9/lib/python/site-packages/urllib3/__init__.py:35: NotOpenSSLWarning: urllib3 v2 only supports OpenSSL 1.1.1+, currently the 'ssl' module is compiled with 'LibreSSL 2.8.3'. See: https://github.com/urllib3/urllib3/issues/3020
  warnings.warn(
[31m[1mWARNING: This is a development server. Do not use it in a production deployment. Use a production WSGI server instead.[0m
 * Running on all addresses (0.0.0.0)
 * Running on http://127.0.0.1:5000
 * Running on http://192.168.1.35:5000
[33mPress CTRL+C to quit[0m
 * Restarting with stat
/Users/nidhisukhija/Library/Python/3.9/lib/python/site-packages/urllib3/__init__.py:35: NotOpenSSLWarning: urllib3 v2 only supports OpenSSL 1.1.1+, currently the 'ssl' module is compiled with 'LibreSSL 2.8.3'. See: https://github.com/urllib3/urllib3/issues/3020
  warnings.warn(
 * Debugger is active!
 * Debugger PIN: 627-275-736
127.0.0.1 - - [23/Sep/2026 01:11:22] "GET / HTTP/1.1" 200 -
127.0.0.1 - - [23/Sep/2026 01:11:22] "GET /static/tasar-silkworm.png HTTP/1.1" 200 -
127.0.0.1 - - [23/Sep/2026 01:11:22] "GET /static/logo-4.png HTTP/1.1" 200 -
127.0.0.1 - - [23/Sep/2026 01:11:22] "GET /static/favicon.png HTTP/1.1" 200 -
/Users/nidhisukhija/Library/Python/3.9/lib/python/site-packages/sklearn/base.py:439: UserWarning: X does not have valid feature names, but StandardScaler was fitted with feature names
  warnings.warn(
/Users/nidhisukhija/Library/Python/3.9/lib/python/site-packages/sklearn/base.py:439: UserWarning: X does not have valid feature names, but RandomForestClassifier was fitted with feature names
  warnings.warn(
/Users/nidhisukhija/Library/Python/3.9/lib/python/site-packages/sklearn/base.py:439: UserWarning: X does not have valid feature names, but RandomForestClassifier was fitted with feature names
  warnings.warn(
/Users/nidhisukhija/Library/Python/3.9/lib/python/site-packages/sklearn/base.py:439: UserWarning: X does not have valid feature names, but StandardScaler was fitted with feature names
  warnings.warn(
/Users/nidhisukhija/Library/Python/3.9/lib/python/site-packages/sklearn/base.py:439: UserWarning: X does not have valid feature names, but RandomForestClassifier was fitted with feature names
  warnings.warn(
/Users/nidhisukhija/Library/Python/3.9/lib/python/site-packages/sklearn/base.py:439: UserWarning: X does not have valid feature names, but RandomForestClassifier was fitted with feature names
  warnings.warn(
/Users/nidhisukhija/Library/Python/3.9/lib/python/site-packages/sklearn/base.py:439: UserWarning: X does not have valid feature names, but StandardScaler was fitted with feature names
  warnings.warn(
/Users/nidhisukhija/Library/Python/3.9/lib/python/site-packages/sklearn/base.py:439: UserWarning: X does not have valid feature names, but RandomForestClassifier was fitted with feature names
  warnings.warn(
/Users/nidhisukhija/Library/Python/3.9/lib/python/site-packages/sklearn/base.py:439: UserWarning: X does not have valid feature names, but RandomForestClassifier was fitted with feature names
  warnings.warn(
/Users/nidhisukhija/Library/Python/3.9/lib/python/site-packages/sklearn/base.py:439: UserWarning: X does not have valid feature names, but StandardScaler was fitted with feature names
  warnings.warn(
/Users/nidhisukhija/Library/Python/3.9/lib/python/site-packages/sklearn/base.py:439: UserWarning: X does not have valid feature names, but RandomForestClassifier was fitted with feature names
  warnings.warn(
/Users/nidhisukhija/Library/Python/3.9/lib/python/site-packages/sklearn/base.py:439: UserWarning: X does not have valid feature names, but RandomForestClassifier was fitted with feature names
  warnings.warn(
/Users/nidhisukhija/Library/Python/3.9/lib/python/site-packages/sklearn/base.py:439: UserWarning: X does not have valid feature names, but StandardScaler was fitted with feature names
  warnings.warn(
/Users/nidhisukhija/Library/Python/3.9/lib/python/site-packages/sklearn/base.py:439: UserWarning: X does not have valid feature names, but RandomForestClassifier was fitted with feature names
  warnings.warn(
/Users/nidhisukhija/Library/Python/3.9/lib/python/site-packages/sklearn/base.py:439: UserWarning: X does not have valid feature names, but RandomForestClassifier was fitted with feature names
  warnings.warn(
/Users/nidhisukhija/Library/Python/3.9/lib/python/site-packages/sklearn/base.py:439: UserWarning: X does not have valid feature names, but StandardScaler was fitted with feature names
  warnings.warn(
/Users/nidhisukhija/Library/Python/3.9/lib/python/site-packages/sklearn/base.py:439: UserWarning: X does not have valid feature names, but RandomForestClassifier was fitted with feature names
  warnings.warn(
/Users/nidhisukhija/Library/Python/3.9/lib/python/site-packages/sklearn/base.py:439: UserWarning: X does not have valid feature names, but RandomForestClassifier was fitted with feature names
  warnings.warn(
/Users/nidhisukhija/Library/Python/3.9/lib/python/site-packages/sklearn/base.py:439: UserWarning: X does not have valid feature names, but StandardScaler was fitted with feature names
  warnings.warn(
/Users/nidhisukhija/Library/Python/3.9/lib/python/site-packages/sklearn/base.py:439: UserWarning: X does not have valid feature names, but RandomForestClassifier was fitted with feature names
  warnings.warn(
/Users/nidhisukhija/Library/Python/3.9/lib/python/site-packages/sklearn/base.py:439: UserWarning: X does not have valid feature names, but RandomForestClassifier was fitted with feature names
  warnings.warn(
127.0.0.1 - - [23/Sep/2026 01:11:23] "POST /api/forecast HTTP/1.1" 200 -
127.0.0.1 - - [23/Sep/2026 01:14:40] "GET / HTTP/1.1" 200 -
127.0.0.1 - - [23/Sep/2026 01:14:40] "GET / HTTP/1.1" 200 -
127.0.0.1 - - [23/Sep/2026 01:14:50] "GET / HTTP/1.1" 200 -
127.0.0.1 - - [23/Sep/2026 01:14:58] "GET / HTTP/1.1" 200 -
